test_all_named_requirements_checked_with_exact_observed_values (test_checker.CheckerTests.test_all_named_requirements_checked_with_exact_observed_values) ... FAIL
test_check_does_not_mutate_problem_report_or_assignment (test_checker.CheckerTests.test_check_does_not_mutate_problem_report_or_assignment) ... FAIL
test_check_report_validates_only_feasible_matching_digest (test_checker.CheckerTests.test_check_report_validates_only_feasible_matching_digest) ... FAIL
test_counts_near_admission_limit_are_exact (test_checker.CheckerTests.test_counts_near_admission_limit_are_exact) ... FAIL
test_empty_partition_is_legal_without_explicit_requirements (test_checker.CheckerTests.test_empty_partition_is_legal_without_explicit_requirements) ... FAIL
test_malformed_assignment_cannot_crash_or_be_admitted (test_checker.CheckerTests.test_malformed_assignment_cannot_crash_or_be_admitted) ... FAIL
test_missing_extra_duplicate_and_unknown_partition_rejected (test_checker.CheckerTests.test_missing_extra_duplicate_and_unknown_partition_rejected) ... FAIL
test_repeated_bounds_conjunction_keeps_individual_names (test_checker.CheckerTests.test_repeated_bounds_conjunction_keeps_individual_names) ... FAIL
test_valid_witness_has_recomputed_exact_totals (test_checker.CheckerTests.test_valid_witness_has_recomputed_exact_totals) ... FAIL

======================================================================
FAIL: test_all_named_requirements_checked_with_exact_observed_values (test_checker.CheckerTests.test_all_named_requirements_checked_with_exact_observed_values)
----------------------------------------------------------------------
Traceback (most recent call last):
  File "<source>/tests/test_checker.py", line 19, in setUp
    self.assertIsNotNone(importlib.util.find_spec("foldcontract.checker"),
AssertionError: unexpectedly None : The independent checker API has not been implemented

======================================================================
FAIL: test_check_does_not_mutate_problem_report_or_assignment (test_checker.CheckerTests.test_check_does_not_mutate_problem_report_or_assignment)
----------------------------------------------------------------------
Traceback (most recent call last):
  File "<source>/tests/test_checker.py", line 19, in setUp
    self.assertIsNotNone(importlib.util.find_spec("foldcontract.checker"),
AssertionError: unexpectedly None : The independent checker API has not been implemented

======================================================================
FAIL: test_check_report_validates_only_feasible_matching_digest (test_checker.CheckerTests.test_check_report_validates_only_feasible_matching_digest)
----------------------------------------------------------------------
Traceback (most recent call last):
  File "<source>/tests/test_checker.py", line 19, in setUp
    self.assertIsNotNone(importlib.util.find_spec("foldcontract.checker"),
AssertionError: unexpectedly None : The independent checker API has not been implemented

======================================================================
FAIL: test_counts_near_admission_limit_are_exact (test_checker.CheckerTests.test_counts_near_admission_limit_are_exact)
----------------------------------------------------------------------
Traceback (most recent call last):
  File "<source>/tests/test_checker.py", line 19, in setUp
    self.assertIsNotNone(importlib.util.find_spec("foldcontract.checker"),
AssertionError: unexpectedly None : The independent checker API has not been implemented

======================================================================
FAIL: test_empty_partition_is_legal_without_explicit_requirements (test_checker.CheckerTests.test_empty_partition_is_legal_without_explicit_requirements)
----------------------------------------------------------------------
Traceback (most recent call last):
  File "<source>/tests/test_checker.py", line 19, in setUp
    self.assertIsNotNone(importlib.util.find_spec("foldcontract.checker"),
AssertionError: unexpectedly None : The independent checker API has not been implemented

======================================================================
FAIL: test_malformed_assignment_cannot_crash_or_be_admitted (test_checker.CheckerTests.test_malformed_assignment_cannot_crash_or_be_admitted)
----------------------------------------------------------------------
Traceback (most recent call last):
  File "<source>/tests/test_checker.py", line 19, in setUp
    self.assertIsNotNone(importlib.util.find_spec("foldcontract.checker"),
AssertionError: unexpectedly None : The independent checker API has not been implemented

======================================================================
FAIL: test_missing_extra_duplicate_and_unknown_partition_rejected (test_checker.CheckerTests.test_missing_extra_duplicate_and_unknown_partition_rejected)
----------------------------------------------------------------------
Traceback (most recent call last):
  File "<source>/tests/test_checker.py", line 19, in setUp
    self.assertIsNotNone(importlib.util.find_spec("foldcontract.checker"),
AssertionError: unexpectedly None : The independent checker API has not been implemented

======================================================================
FAIL: test_repeated_bounds_conjunction_keeps_individual_names (test_checker.CheckerTests.test_repeated_bounds_conjunction_keeps_individual_names)
----------------------------------------------------------------------
Traceback (most recent call last):
  File "<source>/tests/test_checker.py", line 19, in setUp
    self.assertIsNotNone(importlib.util.find_spec("foldcontract.checker"),
AssertionError: unexpectedly None : The independent checker API has not been implemented

======================================================================
FAIL: test_valid_witness_has_recomputed_exact_totals (test_checker.CheckerTests.test_valid_witness_has_recomputed_exact_totals)
----------------------------------------------------------------------
Traceback (most recent call last):
  File "<source>/tests/test_checker.py", line 19, in setUp
    self.assertIsNotNone(importlib.util.find_spec("foldcontract.checker"),
AssertionError: unexpectedly None : The independent checker API has not been implemented

----------------------------------------------------------------------
Ran 9 tests in 0.001s

FAILED (failures=9)
