test_boolean_float_negative_and_overflow_bounds_rejected (test_model.ModelTests.test_boolean_float_negative_and_overflow_bounds_rejected) ... ok
test_boolean_float_negative_and_overflow_counts_rejected (test_model.ModelTests.test_boolean_float_negative_and_overflow_counts_rejected) ... ok
test_bounds_outside_totals_and_inverted_are_admitted (test_model.ModelTests.test_bounds_outside_totals_and_inverted_are_admitted) ... ok
test_canonical_digest_and_roundtrip_are_stable (test_model.ModelTests.test_canonical_digest_and_roundtrip_are_stable) ... ok
test_default_bounds_match_measure_total (test_model.ModelTests.test_default_bounds_match_measure_total) ... ok
test_depth_limit_precedes_json_recursion (test_model.ModelTests.test_depth_limit_precedes_json_recursion) ... ok
test_dimension_limits_are_enforced (test_model.ModelTests.test_dimension_limits_are_enforced) ... ok
test_duplicate_json_keys_rejected_at_any_level (test_model.ModelTests.test_duplicate_json_keys_rejected_at_any_level) ... ok
test_ids_are_exact_and_not_unicode_normalized (test_model.ModelTests.test_ids_are_exact_and_not_unicode_normalized) ... ok
test_input_size_utf8_and_syntax_are_strict (test_model.ModelTests.test_input_size_utf8_and_syntax_are_strict) ... ok
test_invalid_ids_and_duplicate_ids_are_rejected (test_model.ModelTests.test_invalid_ids_and_duplicate_ids_are_rejected) ... ok
test_json_numbers_reject_nonfinite_and_floats (test_model.ModelTests.test_json_numbers_reject_nonfinite_and_floats) ... ok
test_matrix_shape_and_zero_rows_columns_are_rejected (test_model.ModelTests.test_matrix_shape_and_zero_rows_columns_are_rejected) ... ok
test_maximum_dimensions_and_requirements_are_admitted (test_model.ModelTests.test_maximum_dimensions_and_requirements_are_admitted) ... ok
test_maximum_id_byte_length_is_accepted (test_model.ModelTests.test_maximum_id_byte_length_is_accepted) ... ok
test_measure_schema_and_references_are_strict (test_model.ModelTests.test_measure_schema_and_references_are_strict) ... ok
test_no_requirements_adds_no_hidden_constraints (test_model.ModelTests.test_no_requirements_adds_no_hidden_constraints) ... ok
test_normalizes_names_and_permuted_matrix (test_model.ModelTests.test_normalizes_names_and_permuted_matrix) ... ok
test_numeric_token_limit_precedes_integer_allocation (test_model.ModelTests.test_numeric_token_limit_precedes_integer_allocation) ... ok
test_oversized_programmatic_object_rejected_before_key_copy (test_model.ModelTests.test_oversized_programmatic_object_rejected_before_key_copy) ... FAIL
test_public_problem_revalidation_rejects_constructor_bypass (test_model.ModelTests.test_public_problem_revalidation_rejects_constructor_bypass) ... FAIL
test_repeated_constraints_remain_named_conjunction (test_model.ModelTests.test_repeated_constraints_remain_named_conjunction) ... ok
test_unknown_and_missing_fields_are_rejected (test_model.ModelTests.test_unknown_and_missing_fields_are_rejected) ... ok
test_version_and_top_level_types_are_strict (test_model.ModelTests.test_version_and_top_level_types_are_strict) ... ok

======================================================================
FAIL: test_oversized_programmatic_object_rejected_before_key_copy (test_model.ModelTests.test_oversized_programmatic_object_rejected_before_key_copy)
----------------------------------------------------------------------
Traceback (most recent call last):
  File "<source>/tests/test_model.py", line 266, in test_oversized_programmatic_object_rejected_before_key_copy
    self.assertLess(peak, 128 * 1024, "Admission must reject excessive fields before copying keys")
AssertionError: 4197206 not less than 131072 : Admission must reject excessive fields before copying keys

======================================================================
FAIL: test_public_problem_revalidation_rejects_constructor_bypass (test_model.ModelTests.test_public_problem_revalidation_rejects_constructor_bypass)
----------------------------------------------------------------------
Traceback (most recent call last):
  File "<source>/tests/test_model.py", line 241, in test_public_problem_revalidation_rejects_constructor_bypass
    self.assertTrue(hasattr(self.model, "validated_problem"),
AssertionError: False is not true : Public Problem values need strict boundary revalidation

----------------------------------------------------------------------
Ran 24 tests in 0.040s

FAILED (failures=2)
